Archive member included because of file (symbol)

d:/tools/sdk/imt_sdk_win_64/winavr/bin/../lib/gcc/avr/4.3.3/avr5\libgcc.a(_udivmodqi4.o)
                              ./main_SnakeGame.o (__udivmodqi4)
d:/tools/sdk/imt_sdk_win_64/winavr/bin/../lib/gcc/avr/4.3.3/avr5\libgcc.a(_udivmodhi4.o)
                              ./FreeRTOS/soucrce/queue.o (__udivmodhi4)
d:/tools/sdk/imt_sdk_win_64/winavr/bin/../lib/gcc/avr/4.3.3/avr5\libgcc.a(_exit.o)
                              d:/tools/sdk/imt_sdk_win_64/winavr/bin/../lib/gcc/avr/4.3.3/../../../../avr/lib/avr5/crtm32.o (exit)
d:/tools/sdk/imt_sdk_win_64/winavr/bin/../lib/gcc/avr/4.3.3/avr5\libgcc.a(_copy_data.o)
                              ./FreeRTOS/soucrce/tasks.o (__do_copy_data)
d:/tools/sdk/imt_sdk_win_64/winavr/bin/../lib/gcc/avr/4.3.3/avr5\libgcc.a(_clear_bss.o)
                              ./FreeRTOS/soucrce/croutine.o (__do_clear_bss)
d:/tools/sdk/imt_sdk_win_64/winavr/bin/../lib/gcc/avr/4.3.3/../../../../avr/lib/avr5\libc.a(malloc.o)
                              ./FreeRTOS/heap_3.o (malloc)
d:/tools/sdk/imt_sdk_win_64/winavr/bin/../lib/gcc/avr/4.3.3/../../../../avr/lib/avr5\libc.a(memcpy.o)
                              ./FreeRTOS/soucrce/queue.o (memcpy)

Allocating common symbols
Common symbol       size              file

Glob_pointArrSnake  0x1e              ./main_SnakeGame.o
Glob_arrCharLCD     0x38              ./main_SnakeGame.o
option              0x1               ./LCD_program.o
__brkval            0x2               d:/tools/sdk/imt_sdk_win_64/winavr/bin/../lib/gcc/avr/4.3.3/../../../../avr/lib/avr5\libc.a(malloc.o)
semSnakeArr_1       0x2               ./main_SnakeGame.o
__flp               0x2               d:/tools/sdk/imt_sdk_win_64/winavr/bin/../lib/gcc/avr/4.3.3/../../../../avr/lib/avr5\libc.a(malloc.o)

Memory Configuration

Name             Origin             Length             Attributes
text             0x00000000         0x00020000         xr
data             0x00800060         0x0000ffa0         rw !x
eeprom           0x00810000         0x00010000         rw !x
fuse             0x00820000         0x00000400         rw !x
lock             0x00830000         0x00000400         rw !x
signature        0x00840000         0x00000400         rw !x
*default*        0x00000000         0xffffffff

Linker script and memory map

LOAD d:/tools/sdk/imt_sdk_win_64/winavr/bin/../lib/gcc/avr/4.3.3/../../../../avr/lib/avr5/crtm32.o
LOAD ./FreeRTOS/soucrce/croutine.o
LOAD ./FreeRTOS/soucrce/list.o
LOAD ./FreeRTOS/soucrce/queue.o
LOAD ./FreeRTOS/soucrce/tasks.o
LOAD ./FreeRTOS/soucrce/timers.o
LOAD ./FreeRTOS/portable/port.o
LOAD ./FreeRTOS/heap_3.o
LOAD ./DIO_program.o
LOAD ./KPD_program.o
LOAD ./LCD_program.o
LOAD ./Timer_program.o
LOAD ./main_LearnRTOS.o
LOAD ./main_SnakeGame.o
LOAD d:/tools/sdk/imt_sdk_win_64/winavr/bin/../lib/gcc/avr/4.3.3/avr5\libgcc.a
LOAD d:/tools/sdk/imt_sdk_win_64/winavr/bin/../lib/gcc/avr/4.3.3/../../../../avr/lib/avr5\libc.a
LOAD d:/tools/sdk/imt_sdk_win_64/winavr/bin/../lib/gcc/avr/4.3.3/avr5\libgcc.a

.hash
 *(.hash)

.dynsym
 *(.dynsym)

.dynstr
 *(.dynstr)

.gnu.version
 *(.gnu.version)

.gnu.version_d
 *(.gnu.version_d)

.gnu.version_r
 *(.gnu.version_r)

.rel.init
 *(.rel.init)

.rela.init
 *(.rela.init)

.rel.text
 *(.rel.text)
 *(.rel.text.*)
 *(.rel.gnu.linkonce.t*)

.rela.text
 *(.rela.text)
 *(.rela.text.*)
 *(.rela.gnu.linkonce.t*)

.rel.fini
 *(.rel.fini)

.rela.fini
 *(.rela.fini)

.rel.rodata
 *(.rel.rodata)
 *(.rel.rodata.*)
 *(.rel.gnu.linkonce.r*)

.rela.rodata
 *(.rela.rodata)
 *(.rela.rodata.*)
 *(.rela.gnu.linkonce.r*)

.rel.data
 *(.rel.data)
 *(.rel.data.*)
 *(.rel.gnu.linkonce.d*)

.rela.data
 *(.rela.data)
 *(.rela.data.*)
 *(.rela.gnu.linkonce.d*)

.rel.ctors
 *(.rel.ctors)

.rela.ctors
 *(.rela.ctors)

.rel.dtors
 *(.rel.dtors)

.rela.dtors
 *(.rela.dtors)

.rel.got
 *(.rel.got)

.rela.got
 *(.rela.got)

.rel.bss
 *(.rel.bss)

.rela.bss
 *(.rela.bss)

.rel.plt
 *(.rel.plt)

.rela.plt
 *(.rela.plt)

.text           0x00000000     0x3948
 *(.vectors)
 .vectors       0x00000000       0x54 d:/tools/sdk/imt_sdk_win_64/winavr/bin/../lib/gcc/avr/4.3.3/../../../../avr/lib/avr5/crtm32.o
                0x00000000                __vectors
                0x00000000                __vector_default
 *(.vectors)
 *(.progmem.gcc*)
 *(.progmem*)
                0x00000054                . = ALIGN (0x2)
                0x00000054                __trampolines_start = .
 *(.trampolines)
 .trampolines   0x00000054        0x0 linker stubs
 *(.trampolines*)
                0x00000054                __trampolines_end = .
 *(.jumptables)
 *(.jumptables*)
 *(.lowtext)
 *(.lowtext*)
                0x00000054                __ctors_start = .
 *(.ctors)
                0x00000054                __ctors_end = .
                0x00000054                __dtors_start = .
 *(.dtors)
                0x00000054                __dtors_end = .
 SORT(*)(.ctors)
 SORT(*)(.dtors)
 *(.init0)
 .init0         0x00000054        0x0 d:/tools/sdk/imt_sdk_win_64/winavr/bin/../lib/gcc/avr/4.3.3/../../../../avr/lib/avr5/crtm32.o
                0x00000054                __init
 *(.init0)
 *(.init1)
 *(.init1)
 *(.init2)
 .init2         0x00000054        0xc d:/tools/sdk/imt_sdk_win_64/winavr/bin/../lib/gcc/avr/4.3.3/../../../../avr/lib/avr5/crtm32.o
 *(.init2)
 *(.init3)
 *(.init3)
 *(.init4)
 .init4         0x00000060       0x16 d:/tools/sdk/imt_sdk_win_64/winavr/bin/../lib/gcc/avr/4.3.3/avr5\libgcc.a(_copy_data.o)
                0x00000060                __do_copy_data
 .init4         0x00000076       0x10 d:/tools/sdk/imt_sdk_win_64/winavr/bin/../lib/gcc/avr/4.3.3/avr5\libgcc.a(_clear_bss.o)
                0x00000076                __do_clear_bss
 *(.init4)
 *(.init5)
 *(.init5)
 *(.init6)
 *(.init6)
 *(.init7)
 *(.init7)
 *(.init8)
 *(.init8)
 *(.init9)
 .init9         0x00000086        0x8 d:/tools/sdk/imt_sdk_win_64/winavr/bin/../lib/gcc/avr/4.3.3/../../../../avr/lib/avr5/crtm32.o
 *(.init9)
 *(.text)
 .text          0x0000008e        0x4 d:/tools/sdk/imt_sdk_win_64/winavr/bin/../lib/gcc/avr/4.3.3/../../../../avr/lib/avr5/crtm32.o
                0x0000008e                __vector_1
                0x0000008e                __vector_12
                0x0000008e                __bad_interrupt
                0x0000008e                __vector_6
                0x0000008e                __vector_3
                0x0000008e                __vector_11
                0x0000008e                __vector_13
                0x0000008e                __vector_17
                0x0000008e                __vector_19
                0x0000008e                __vector_5
                0x0000008e                __vector_4
                0x0000008e                __vector_9
                0x0000008e                __vector_2
                0x0000008e                __vector_15
                0x0000008e                __vector_8
                0x0000008e                __vector_14
                0x0000008e                __vector_10
                0x0000008e                __vector_16
                0x0000008e                __vector_18
                0x0000008e                __vector_20
 .text          0x00000092        0x0 ./FreeRTOS/soucrce/croutine.o
 .text          0x00000092        0x0 ./FreeRTOS/soucrce/list.o
 .text          0x00000092        0x0 ./FreeRTOS/soucrce/queue.o
 .text          0x00000092        0x0 ./FreeRTOS/soucrce/tasks.o
 .text          0x00000092        0x0 ./FreeRTOS/soucrce/timers.o
 .text          0x00000092        0x0 ./FreeRTOS/portable/port.o
 .text          0x00000092        0x0 ./FreeRTOS/heap_3.o
 .text          0x00000092        0x0 ./DIO_program.o
 .text          0x00000092        0x0 ./KPD_program.o
 .text          0x00000092        0x0 ./LCD_program.o
 .text          0x00000092        0x0 ./Timer_program.o
 .text          0x00000092        0x0 ./main_LearnRTOS.o
 .text          0x00000092        0x0 ./main_SnakeGame.o
 .text          0x00000092        0x0 d:/tools/sdk/imt_sdk_win_64/winavr/bin/../lib/gcc/avr/4.3.3/avr5\libgcc.a(_udivmodqi4.o)
 .text          0x00000092        0x0 d:/tools/sdk/imt_sdk_win_64/winavr/bin/../lib/gcc/avr/4.3.3/avr5\libgcc.a(_udivmodhi4.o)
 .text          0x00000092        0x0 d:/tools/sdk/imt_sdk_win_64/winavr/bin/../lib/gcc/avr/4.3.3/avr5\libgcc.a(_exit.o)
 .text          0x00000092        0x0 d:/tools/sdk/imt_sdk_win_64/winavr/bin/../lib/gcc/avr/4.3.3/avr5\libgcc.a(_copy_data.o)
 .text          0x00000092        0x0 d:/tools/sdk/imt_sdk_win_64/winavr/bin/../lib/gcc/avr/4.3.3/avr5\libgcc.a(_clear_bss.o)
 .text          0x00000092        0x0 d:/tools/sdk/imt_sdk_win_64/winavr/bin/../lib/gcc/avr/4.3.3/../../../../avr/lib/avr5\libc.a(malloc.o)
 .text          0x00000092        0x0 d:/tools/sdk/imt_sdk_win_64/winavr/bin/../lib/gcc/avr/4.3.3/../../../../avr/lib/avr5\libc.a(memcpy.o)
                0x00000092                . = ALIGN (0x2)
 *(.text.*)
 .text.xCoRoutineRemoveFromEventList
                0x00000092       0x50 ./FreeRTOS/soucrce/croutine.o
                0x00000092                xCoRoutineRemoveFromEventList
 .text.vCoRoutineSchedule
                0x000000e2      0x1ce ./FreeRTOS/soucrce/croutine.o
                0x000000e2                vCoRoutineSchedule
 .text.vCoRoutineAddToDelayedList
                0x000002b0       0x7a ./FreeRTOS/soucrce/croutine.o
                0x000002b0                vCoRoutineAddToDelayedList
 .text.xCoRoutineCreate
                0x0000032a       0xf4 ./FreeRTOS/soucrce/croutine.o
                0x0000032a                xCoRoutineCreate
 .text.vListInitialise
                0x0000041e       0x20 ./FreeRTOS/soucrce/list.o
                0x0000041e                vListInitialise
 .text.vListInitialiseItem
                0x0000043e        0x8 ./FreeRTOS/soucrce/list.o
                0x0000043e                vListInitialiseItem
 .text.vListInsertEnd
                0x00000446       0x3e ./FreeRTOS/soucrce/list.o
                0x00000446                vListInsertEnd
 .text.vListInsert
                0x00000484       0x64 ./FreeRTOS/soucrce/list.o
                0x00000484                vListInsert
 .text.uxListRemove
                0x000004e8       0x56 ./FreeRTOS/soucrce/list.o
                0x000004e8                uxListRemove
 .text.uxQueueMessagesWaiting
                0x0000053e       0x10 ./FreeRTOS/soucrce/queue.o
                0x0000053e                uxQueueMessagesWaiting
 .text.uxQueueSpacesAvailable
                0x0000054e       0x14 ./FreeRTOS/soucrce/queue.o
                0x0000054e                uxQueueSpacesAvailable
 .text.uxQueueMessagesWaitingFromISR
                0x00000562        0x6 ./FreeRTOS/soucrce/queue.o
                0x00000562                uxQueueMessagesWaitingFromISR
 .text.xQueueIsQueueEmptyFromISR
                0x00000568       0x10 ./FreeRTOS/soucrce/queue.o
                0x00000568                xQueueIsQueueEmptyFromISR
 .text.xQueueIsQueueFullFromISR
                0x00000578       0x12 ./FreeRTOS/soucrce/queue.o
                0x00000578                xQueueIsQueueFullFromISR
 .text.prvCopyDataToQueue
                0x0000058a       0x94 ./FreeRTOS/soucrce/queue.o
 .text.prvCopyDataFromQueue
                0x0000061e       0x3c ./FreeRTOS/soucrce/queue.o
 .text.xQueuePeekFromISR
                0x0000065a       0x2a ./FreeRTOS/soucrce/queue.o
                0x0000065a                xQueuePeekFromISR
 .text.xQueueCRReceiveFromISR
                0x00000684       0x76 ./FreeRTOS/soucrce/queue.o
                0x00000684                xQueueCRReceiveFromISR
 .text.xQueueCRSendFromISR
                0x000006fa       0x3e ./FreeRTOS/soucrce/queue.o
                0x000006fa                xQueueCRSendFromISR
 .text.xQueueCRReceive
                0x00000738       0x8a ./FreeRTOS/soucrce/queue.o
                0x00000738                xQueueCRReceive
 .text.xQueueCRSend
                0x000007c2       0x6c ./FreeRTOS/soucrce/queue.o
                0x000007c2                xQueueCRSend
 .text.vQueueDelete
                0x0000082e        0x6 ./FreeRTOS/soucrce/queue.o
                0x0000082e                vQueueDelete
 .text.xQueueReceiveFromISR
                0x00000834       0x5c ./FreeRTOS/soucrce/queue.o
                0x00000834                xQueueReceiveFromISR
 .text.xQueueGiveFromISR
                0x00000890       0x46 ./FreeRTOS/soucrce/queue.o
                0x00000890                xQueueGiveFromISR
 .text.xQueueGenericSendFromISR
                0x000008d6       0x60 ./FreeRTOS/soucrce/queue.o
                0x000008d6                xQueueGenericSendFromISR
 .text.prvUnlockQueue
                0x00000936       0x84 ./FreeRTOS/soucrce/queue.o
 .text.xQueuePeek
                0x000009ba      0x152 ./FreeRTOS/soucrce/queue.o
                0x000009ba                xQueuePeek
 .text.xQueueSemaphoreTake
                0x00000b0c      0x13e ./FreeRTOS/soucrce/queue.o
                0x00000b0c                xQueueSemaphoreTake
 .text.xQueueReceive
                0x00000c4a      0x156 ./FreeRTOS/soucrce/queue.o
                0x00000c4a                xQueueReceive
 .text.xQueueGenericSend
                0x00000da0      0x156 ./FreeRTOS/soucrce/queue.o
                0x00000da0                xQueueGenericSend
 .text.xQueueGenericReset
                0x00000ef6       0xb4 ./FreeRTOS/soucrce/queue.o
                0x00000ef6                xQueueGenericReset
 .text.xQueueGenericCreate
                0x00000faa       0x70 ./FreeRTOS/soucrce/queue.o
                0x00000faa                xQueueGenericCreate
 .text.xQueueCreateCountingSemaphore
                0x0000101a       0x28 ./FreeRTOS/soucrce/queue.o
                0x0000101a                xQueueCreateCountingSemaphore
 .text.vTaskSuspendAll
                0x00001042        0xc ./FreeRTOS/soucrce/tasks.o
                0x00001042                vTaskSuspendAll
 .text.xTaskGetTickCount
                0x0000104e       0x16 ./FreeRTOS/soucrce/tasks.o
                0x0000104e                xTaskGetTickCount
 .text.xTaskGetTickCountFromISR
                0x00001064        0xc ./FreeRTOS/soucrce/tasks.o
                0x00001064                xTaskGetTickCountFromISR
 .text.uxTaskGetNumberOfTasks
                0x00001070        0x6 ./FreeRTOS/soucrce/tasks.o
                0x00001070                uxTaskGetNumberOfTasks
 .text.pcTaskGetName
                0x00001076       0x16 ./FreeRTOS/soucrce/tasks.o
                0x00001076                pcTaskGetName
 .text.xTaskIncrementTick
                0x0000108c      0x230 ./FreeRTOS/soucrce/tasks.o
                0x0000108c                xTaskIncrementTick
 .text.xTaskRemoveFromEventList
                0x000012bc      0x166 ./FreeRTOS/soucrce/tasks.o
                0x000012bc                xTaskRemoveFromEventList
 .text.vTaskRemoveFromUnorderedEventList
                0x00001422      0x134 ./FreeRTOS/soucrce/tasks.o
                0x00001422                vTaskRemoveFromUnorderedEventList
 .text.vTaskSetTimeOutState
                0x00001556       0x20 ./FreeRTOS/soucrce/tasks.o
                0x00001556                vTaskSetTimeOutState
 .text.vTaskInternalSetTimeOutState
                0x00001576       0x16 ./FreeRTOS/soucrce/tasks.o
                0x00001576                vTaskInternalSetTimeOutState
 .text.xTaskCheckForTimeOut
                0x0000158c       0x70 ./FreeRTOS/soucrce/tasks.o
                0x0000158c                xTaskCheckForTimeOut
 .text.vTaskMissedYield
                0x000015fc        0x8 ./FreeRTOS/soucrce/tasks.o
                0x000015fc                vTaskMissedYield
 .text.uxTaskResetEventItemValue
                0x00001604       0x30 ./FreeRTOS/soucrce/tasks.o
                0x00001604                uxTaskResetEventItemValue
 .text.xTaskGenericNotifyFromISR
                0x00001634      0x1f8 ./FreeRTOS/soucrce/tasks.o
                0x00001634                xTaskGenericNotifyFromISR
 .text.vTaskGenericNotifyGiveFromISR
                0x0000182c      0x164 ./FreeRTOS/soucrce/tasks.o
                0x0000182c                vTaskGenericNotifyGiveFromISR
 .text.xTaskGenericNotifyStateClear
                0x00001990       0x2c ./FreeRTOS/soucrce/tasks.o
                0x00001990                xTaskGenericNotifyStateClear
 .text.ulTaskGenericNotifyValueClear
                0x000019bc       0x68 ./FreeRTOS/soucrce/tasks.o
                0x000019bc                ulTaskGenericNotifyValueClear
 .text.xTaskGenericNotify
                0x00001a24      0x19c ./FreeRTOS/soucrce/tasks.o
                0x00001a24                xTaskGenericNotify
 .text.xTaskResumeAll
                0x00001bc0      0x1bc ./FreeRTOS/soucrce/tasks.o
                0x00001bc0                xTaskResumeAll
 .text.xTaskCatchUpTicks
                0x00001d7c       0x24 ./FreeRTOS/soucrce/tasks.o
                0x00001d7c                xTaskCatchUpTicks
 .text.vTaskResume
                0x00001da0       0xde ./FreeRTOS/soucrce/tasks.o
                0x00001da0                vTaskResume
 .text.prvAddCurrentTaskToDelayedList
                0x00001e7e      0x106 ./FreeRTOS/soucrce/tasks.o
 .text.xTaskGenericNotifyWait
                0x00001f84      0x140 ./FreeRTOS/soucrce/tasks.o
                0x00001f84                xTaskGenericNotifyWait
 .text.ulTaskGenericNotifyTake
                0x000020c4       0xe8 ./FreeRTOS/soucrce/tasks.o
                0x000020c4                ulTaskGenericNotifyTake
 .text.vTaskPlaceOnUnorderedEventList
                0x000021ac       0x88 ./FreeRTOS/soucrce/tasks.o
                0x000021ac                vTaskPlaceOnUnorderedEventList
 .text.vTaskDelay
                0x00002234       0x26 ./FreeRTOS/soucrce/tasks.o
                0x00002234                vTaskDelay
 .text.xTaskDelayUntil
                0x0000225a       0x66 ./FreeRTOS/soucrce/tasks.o
                0x0000225a                xTaskDelayUntil
 .text.vTaskPlaceOnEventList
                0x000022c0       0x24 ./FreeRTOS/soucrce/tasks.o
                0x000022c0                vTaskPlaceOnEventList
 .text.vTaskSwitchContext
                0x000022e4       0xae ./FreeRTOS/soucrce/tasks.o
                0x000022e4                vTaskSwitchContext
 .text.vTaskEndScheduler
                0x00002392        0xc ./FreeRTOS/soucrce/tasks.o
                0x00002392                vTaskEndScheduler
 .text.prvIdleTask
                0x0000239e       0x5e ./FreeRTOS/soucrce/tasks.o
 .text.xTaskResumeFromISR
                0x000023fc       0xe8 ./FreeRTOS/soucrce/tasks.o
                0x000023fc                xTaskResumeFromISR
 .text.vTaskSuspend
                0x000024e4       0xd0 ./FreeRTOS/soucrce/tasks.o
                0x000024e4                vTaskSuspend
 .text.vTaskDelete
                0x000025b4       0xe4 ./FreeRTOS/soucrce/tasks.o
                0x000025b4                vTaskDelete
 .text.xTaskCreate
                0x00002698      0x244 ./FreeRTOS/soucrce/tasks.o
                0x00002698                xTaskCreate
 .text.vTaskStartScheduler
                0x000028dc       0x54 ./FreeRTOS/soucrce/tasks.o
                0x000028dc                vTaskStartScheduler
 .text.pxPortInitialiseStack
                0x00002930       0x90 ./FreeRTOS/portable/port.o
                0x00002930                pxPortInitialiseStack
 .text.xPortStartScheduler
                0x000029c0       0x6a ./FreeRTOS/portable/port.o
                0x000029c0                xPortStartScheduler
 .text.vPortEndScheduler
                0x00002a2a        0x2 ./FreeRTOS/portable/port.o
                0x00002a2a                vPortEndScheduler
 .text.vPortYieldFromTick
                0x00002a2c       0xba ./FreeRTOS/portable/port.o
                0x00002a2c                vPortYieldFromTick
 .text.__vector_7
                0x00002ae6        0x6 ./FreeRTOS/portable/port.o
                0x00002ae6                __vector_7
 .text.vPortYield
                0x00002aec       0xb2 ./FreeRTOS/portable/port.o
                0x00002aec                vPortYield
 .text.vPortFree
                0x00002b9e       0x1e ./FreeRTOS/heap_3.o
                0x00002b9e                vPortFree
 .text.pvPortMalloc
                0x00002bbc       0x22 ./FreeRTOS/heap_3.o
                0x00002bbc                pvPortMalloc
 .text.Private_u8AccessPinDirection
                0x00002bde       0x6a ./DIO_program.o
                0x00002bde                Private_u8AccessPinDirection
 .text.Private_u8AccessPortDirection
                0x00002c48       0x2e ./DIO_program.o
                0x00002c48                Private_u8AccessPortDirection
 .text.DIO_Init
                0x00002c76       0x1c ./DIO_program.o
                0x00002c76                DIO_Init
 .text.DIO_u8SetPinValue
                0x00002c92       0xf4 ./DIO_program.o
                0x00002c92                DIO_u8SetPinValue
 .text.DIO_u8GetPinValue
                0x00002d86       0x48 ./DIO_program.o
                0x00002d86                DIO_u8GetPinValue
 .text.KPD_u8GetKeyValueNoWait
                0x00002dce      0x142 ./KPD_program.o
                0x00002dce                KPD_u8GetKeyValueNoWait
 .text.LCD_voidWriteHalfComnd
                0x00002f10       0x72 ./LCD_program.o
 .text.LCD_voidWriteComnd
                0x00002f82       0x18 ./LCD_program.o
                0x00002f82                LCD_voidWriteComnd
 .text.LCD_u8GoToXY
                0x00002f9a       0x24 ./LCD_program.o
                0x00002f9a                LCD_u8GoToXY
 .text.LCD_voidCursorOFFDataON
                0x00002fbe        0x8 ./LCD_program.o
                0x00002fbe                LCD_voidCursorOFFDataON
 .text.LCD_Init
                0x00002fc6       0x4a ./LCD_program.o
                0x00002fc6                LCD_Init
 .text.LCD_voidWriteHalfChar
                0x00003010       0x72 ./LCD_program.o
 .text.LCD_voidWriteChar
                0x00003082       0x18 ./LCD_program.o
                0x00003082                LCD_voidWriteChar
 .text.LCD_voidWriteString
                0x0000309a       0x1e ./LCD_program.o
                0x0000309a                LCD_voidWriteString
 .text.LCD_voidCreateChar
                0x000030b8       0x5a ./LCD_program.o
                0x000030b8                LCD_voidCreateChar
 .text.TMR_voidInitTMR0
                0x00003112       0x20 ./Timer_program.o
                0x00003112                TMR_voidInitTMR0
 .text.TMR_voidGetTMR0
                0x00003132        0x8 ./Timer_program.o
                0x00003132                TMR_voidGetTMR0
 .text.main     0x0000313a       0xf8 ./main_SnakeGame.o
                0x0000313a                main
 .text.voidTaskUpdateLCD
                0x00003232      0x21e ./main_SnakeGame.o
                0x00003232                voidTaskUpdateLCD
 .text.voidTaskMoveSnake
                0x00003450      0x1f0 ./main_SnakeGame.o
                0x00003450                voidTaskMoveSnake
 .text.voidTaskDirectionBtn
                0x00003640       0x9c ./main_SnakeGame.o
                0x00003640                voidTaskDirectionBtn
 .text.vApplicationStackOverflowHook
                0x000036dc        0xc ./main_SnakeGame.o
                0x000036dc                vApplicationStackOverflowHook
 .text.libgcc   0x000036e8       0x18 d:/tools/sdk/imt_sdk_win_64/winavr/bin/../lib/gcc/avr/4.3.3/avr5\libgcc.a(_udivmodqi4.o)
                0x000036e8                __udivmodqi4
 .text.libgcc   0x00003700       0x28 d:/tools/sdk/imt_sdk_win_64/winavr/bin/../lib/gcc/avr/4.3.3/avr5\libgcc.a(_udivmodhi4.o)
                0x00003700                __udivmodhi4
 .text.libgcc   0x00003728        0x0 d:/tools/sdk/imt_sdk_win_64/winavr/bin/../lib/gcc/avr/4.3.3/avr5\libgcc.a(_exit.o)
 .text.libgcc   0x00003728        0x0 d:/tools/sdk/imt_sdk_win_64/winavr/bin/../lib/gcc/avr/4.3.3/avr5\libgcc.a(_copy_data.o)
 .text.libgcc   0x00003728        0x0 d:/tools/sdk/imt_sdk_win_64/winavr/bin/../lib/gcc/avr/4.3.3/avr5\libgcc.a(_clear_bss.o)
 .text.avr-libc
                0x00003728      0x20a d:/tools/sdk/imt_sdk_win_64/winavr/bin/../lib/gcc/avr/4.3.3/../../../../avr/lib/avr5\libc.a(malloc.o)
                0x00003728                malloc
                0x00003882                free
 .text.avr-libc
                0x00003932       0x12 d:/tools/sdk/imt_sdk_win_64/winavr/bin/../lib/gcc/avr/4.3.3/../../../../avr/lib/avr5\libc.a(memcpy.o)
                0x00003932                memcpy
                0x00003944                . = ALIGN (0x2)
 *(.fini9)
 .fini9         0x00003944        0x0 d:/tools/sdk/imt_sdk_win_64/winavr/bin/../lib/gcc/avr/4.3.3/avr5\libgcc.a(_exit.o)
                0x00003944                exit
                0x00003944                _exit
 *(.fini9)
 *(.fini8)
 *(.fini8)
 *(.fini7)
 *(.fini7)
 *(.fini6)
 *(.fini6)
 *(.fini5)
 *(.fini5)
 *(.fini4)
 *(.fini4)
 *(.fini3)
 *(.fini3)
 *(.fini2)
 *(.fini2)
 *(.fini1)
 *(.fini1)
 *(.fini0)
 .fini0         0x00003944        0x4 d:/tools/sdk/imt_sdk_win_64/winavr/bin/../lib/gcc/avr/4.3.3/avr5\libgcc.a(_exit.o)
 *(.fini0)
                0x00003948                _etext = .

.data           0x00800060       0x38 load address 0x00003948
                0x00800060                PROVIDE (__data_start, .)
 *(.data)
 .data          0x00800060        0x0 d:/tools/sdk/imt_sdk_win_64/winavr/bin/../lib/gcc/avr/4.3.3/../../../../avr/lib/avr5/crtm32.o
 .data          0x00800060        0x0 ./FreeRTOS/soucrce/croutine.o
 .data          0x00800060        0x0 ./FreeRTOS/soucrce/list.o
 .data          0x00800060        0x0 ./FreeRTOS/soucrce/queue.o
 .data          0x00800060        0x5 ./FreeRTOS/soucrce/tasks.o
 .data          0x00800065        0x0 ./FreeRTOS/soucrce/timers.o
 .data          0x00800065        0x0 ./FreeRTOS/portable/port.o
 .data          0x00800065        0x0 ./FreeRTOS/heap_3.o
 .data          0x00800065        0x0 ./DIO_program.o
 .data          0x00800065        0x0 ./KPD_program.o
 .data          0x00800065        0x0 ./LCD_program.o
 .data          0x00800065        0x0 ./Timer_program.o
 .data          0x00800065        0x0 ./main_LearnRTOS.o
 .data          0x00800065        0x7 ./main_SnakeGame.o
 .data          0x0080006c        0x0 d:/tools/sdk/imt_sdk_win_64/winavr/bin/../lib/gcc/avr/4.3.3/avr5\libgcc.a(_udivmodqi4.o)
 .data          0x0080006c        0x0 d:/tools/sdk/imt_sdk_win_64/winavr/bin/../lib/gcc/avr/4.3.3/avr5\libgcc.a(_udivmodhi4.o)
 .data          0x0080006c        0x0 d:/tools/sdk/imt_sdk_win_64/winavr/bin/../lib/gcc/avr/4.3.3/avr5\libgcc.a(_exit.o)
 .data          0x0080006c        0x0 d:/tools/sdk/imt_sdk_win_64/winavr/bin/../lib/gcc/avr/4.3.3/avr5\libgcc.a(_copy_data.o)
 .data          0x0080006c        0x0 d:/tools/sdk/imt_sdk_win_64/winavr/bin/../lib/gcc/avr/4.3.3/avr5\libgcc.a(_clear_bss.o)
 .data          0x0080006c        0x6 d:/tools/sdk/imt_sdk_win_64/winavr/bin/../lib/gcc/avr/4.3.3/../../../../avr/lib/avr5\libc.a(malloc.o)
                0x0080006e                __malloc_heap_start
                0x00800070                __malloc_heap_end
                0x0080006c                __malloc_margin
 .data          0x00800072        0x0 d:/tools/sdk/imt_sdk_win_64/winavr/bin/../lib/gcc/avr/4.3.3/../../../../avr/lib/avr5\libc.a(memcpy.o)
 *(.data*)
 .data.uxTopUsedPriority
                0x00800072        0x1 ./FreeRTOS/soucrce/tasks.o
                0x00800072                uxTopUsedPriority
 .data.Glob_pointApple
                0x00800073        0x3 ./main_SnakeGame.o
                0x00800073                Glob_pointApple
 .data.Glob_u8SnakeLength
                0x00800076        0x1 ./main_SnakeGame.o
                0x00800076                Glob_u8SnakeLength
 *(.rodata)
 *(.rodata*)
 .rodata.KPD_Au8RowsPorts
                0x00800077        0x4 ./KPD_program.o
 .rodata.KPD_Au8RowsPins
                0x0080007b        0x4 ./KPD_program.o
 .rodata.KPD_Au8Keys
                0x0080007f       0x10 ./KPD_program.o
 .rodata.C.31.1930
                0x0080008f        0x8 ./main_SnakeGame.o
 *(.gnu.linkonce.d*)
                0x00800098                . = ALIGN (0x2)
 *fill*         0x00800097        0x1 00
                0x00800098                _edata = .
                0x00800098                PROVIDE (__data_end, .)

.bss            0x00800098      0x107
                0x00800098                PROVIDE (__bss_start, .)
 *(.bss)
 .bss           0x00800098        0x0 d:/tools/sdk/imt_sdk_win_64/winavr/bin/../lib/gcc/avr/4.3.3/../../../../avr/lib/avr5/crtm32.o
 .bss           0x00800098        0x0 ./FreeRTOS/soucrce/croutine.o
 .bss           0x00800098        0x0 ./FreeRTOS/soucrce/list.o
 .bss           0x00800098        0x0 ./FreeRTOS/soucrce/queue.o
 .bss           0x00800098        0x0 ./FreeRTOS/soucrce/tasks.o
 .bss           0x00800098        0x0 ./FreeRTOS/soucrce/timers.o
 .bss           0x00800098        0x0 ./FreeRTOS/portable/port.o
 .bss           0x00800098        0x0 ./FreeRTOS/heap_3.o
 .bss           0x00800098        0x0 ./DIO_program.o
 .bss           0x00800098        0x0 ./KPD_program.o
 .bss           0x00800098        0x0 ./LCD_program.o
 .bss           0x00800098        0x0 ./Timer_program.o
 .bss           0x00800098        0x0 ./main_LearnRTOS.o
 .bss           0x00800098        0x0 ./main_SnakeGame.o
 .bss           0x00800098        0x0 d:/tools/sdk/imt_sdk_win_64/winavr/bin/../lib/gcc/avr/4.3.3/avr5\libgcc.a(_udivmodqi4.o)
 .bss           0x00800098        0x0 d:/tools/sdk/imt_sdk_win_64/winavr/bin/../lib/gcc/avr/4.3.3/avr5\libgcc.a(_udivmodhi4.o)
 .bss           0x00800098        0x0 d:/tools/sdk/imt_sdk_win_64/winavr/bin/../lib/gcc/avr/4.3.3/avr5\libgcc.a(_exit.o)
 .bss           0x00800098        0x0 d:/tools/sdk/imt_sdk_win_64/winavr/bin/../lib/gcc/avr/4.3.3/avr5\libgcc.a(_copy_data.o)
 .bss           0x00800098        0x0 d:/tools/sdk/imt_sdk_win_64/winavr/bin/../lib/gcc/avr/4.3.3/avr5\libgcc.a(_clear_bss.o)
 .bss           0x00800098        0x0 d:/tools/sdk/imt_sdk_win_64/winavr/bin/../lib/gcc/avr/4.3.3/../../../../avr/lib/avr5\libc.a(malloc.o)
 .bss           0x00800098        0x0 d:/tools/sdk/imt_sdk_win_64/winavr/bin/../lib/gcc/avr/4.3.3/../../../../avr/lib/avr5\libc.a(memcpy.o)
 *(.bss*)
 .bss.pxCurrentCoRoutine
                0x00800098        0x2 ./FreeRTOS/soucrce/croutine.o
                0x00800098                pxCurrentCoRoutine
 .bss.pxDelayedCoRoutineList
                0x0080009a        0x2 ./FreeRTOS/soucrce/croutine.o
 .bss.uxTopCoRoutineReadyPriority
                0x0080009c        0x1 ./FreeRTOS/soucrce/croutine.o
 .bss.xLastTickCount
                0x0080009d        0x2 ./FreeRTOS/soucrce/croutine.o
 .bss.xPassedTicks
                0x0080009f        0x2 ./FreeRTOS/soucrce/croutine.o
 .bss.xCoRoutineTickCount
                0x008000a1        0x2 ./FreeRTOS/soucrce/croutine.o
 .bss.pxOverflowDelayedCoRoutineList
                0x008000a3        0x2 ./FreeRTOS/soucrce/croutine.o
 .bss.pxReadyCoRoutineLists
                0x008000a5       0x12 ./FreeRTOS/soucrce/croutine.o
 .bss.xDelayedCoRoutineList1
                0x008000b7        0x9 ./FreeRTOS/soucrce/croutine.o
 .bss.xDelayedCoRoutineList2
                0x008000c0        0x9 ./FreeRTOS/soucrce/croutine.o
 .bss.xPendingReadyCoRoutineList
                0x008000c9        0x9 ./FreeRTOS/soucrce/croutine.o
 .bss.pxCurrentTCB
                0x008000d2        0x2 ./FreeRTOS/soucrce/tasks.o
                0x008000d2                pxCurrentTCB
 .bss.uxSchedulerSuspended
                0x008000d4        0x1 ./FreeRTOS/soucrce/tasks.o
 .bss.uxTopReadyPriority
                0x008000d5        0x1 ./FreeRTOS/soucrce/tasks.o
 .bss.xYieldPending
                0x008000d6        0x1 ./FreeRTOS/soucrce/tasks.o
 .bss.xTickCount
                0x008000d7        0x2 ./FreeRTOS/soucrce/tasks.o
 .bss.xNextTaskUnblockTime
                0x008000d9        0x2 ./FreeRTOS/soucrce/tasks.o
 .bss.xNumOfOverflows
                0x008000db        0x1 ./FreeRTOS/soucrce/tasks.o
 .bss.xPendedTicks
                0x008000dc        0x2 ./FreeRTOS/soucrce/tasks.o
 .bss.uxCurrentNumberOfTasks
                0x008000de        0x1 ./FreeRTOS/soucrce/tasks.o
 .bss.xSchedulerRunning
                0x008000df        0x1 ./FreeRTOS/soucrce/tasks.o
 .bss.xIdleTaskHandle
                0x008000e0        0x2 ./FreeRTOS/soucrce/tasks.o
 .bss.uxDeletedTasksWaitingCleanUp
                0x008000e2        0x1 ./FreeRTOS/soucrce/tasks.o
 .bss.uxTaskNumber
                0x008000e3        0x1 ./FreeRTOS/soucrce/tasks.o
 .bss.pxReadyTasksLists
                0x008000e4       0x24 ./FreeRTOS/soucrce/tasks.o
 .bss.xDelayedTaskList1
                0x00800108        0x9 ./FreeRTOS/soucrce/tasks.o
 .bss.xDelayedTaskList2
                0x00800111        0x9 ./FreeRTOS/soucrce/tasks.o
 .bss.pxDelayedTaskList
                0x0080011a        0x2 ./FreeRTOS/soucrce/tasks.o
 .bss.pxOverflowDelayedTaskList
                0x0080011c        0x2 ./FreeRTOS/soucrce/tasks.o
 .bss.xPendingReadyList
                0x0080011e        0x9 ./FreeRTOS/soucrce/tasks.o
 .bss.xTasksWaitingTermination
                0x00800127        0x9 ./FreeRTOS/soucrce/tasks.o
 .bss.xSuspendedTaskList
                0x00800130        0x9 ./FreeRTOS/soucrce/tasks.o
 .bss.private_u8ShiftSpace
                0x00800139        0x1 ./LCD_program.o
                0x00800139                private_u8ShiftSpace
 .bss.Glob_enumSnakeDirection
                0x0080013a        0x1 ./main_SnakeGame.o
                0x0080013a                Glob_enumSnakeDirection
 .bss.Local_u8col.1844
                0x0080013b        0x1 ./main_SnakeGame.o
 .bss.Local_u8row.1843
                0x0080013c        0x1 ./main_SnakeGame.o
 .bss.Local_pointSnakeOldTail.1770
                0x0080013d        0x3 ./main_SnakeGame.o
 .bss.Local_u8i.1769
                0x00800140        0x1 ./main_SnakeGame.o
 .bss.Local_u8BtnValue.1757
                0x00800141        0x1 ./main_SnakeGame.o
 *(COMMON)
 COMMON         0x00800142        0x1 ./LCD_program.o
                0x00800142                option
 COMMON         0x00800143       0x58 ./main_SnakeGame.o
                0x00800143                Glob_pointArrSnake
                0x00800161                Glob_arrCharLCD
                0x00800199                semSnakeArr_1
 COMMON         0x0080019b        0x4 d:/tools/sdk/imt_sdk_win_64/winavr/bin/../lib/gcc/avr/4.3.3/../../../../avr/lib/avr5\libc.a(malloc.o)
                0x0080019b                __brkval
                0x0080019d                __flp
                0x0080019f                PROVIDE (__bss_end, .)
                0x00003948                __data_load_start = LOADADDR (.data)
                0x00003980                __data_load_end = (__data_load_start + SIZEOF (.data))

.noinit         0x0080019f        0x0
                0x0080019f                PROVIDE (__noinit_start, .)
 *(.noinit*)
                0x0080019f                PROVIDE (__noinit_end, .)
                0x0080019f                _end = .
                0x0080019f                PROVIDE (__heap_start, .)

.eeprom         0x00810000        0x0
 *(.eeprom*)
                0x00810000                __eeprom_end = .

.fuse
 *(.fuse)
 *(.lfuse)
 *(.hfuse)
 *(.efuse)

.lock
 *(.lock*)

.signature
 *(.signature*)

.stab           0x00000000     0x73d4
 *(.stab)
 .stab          0x00000000      0xb70 ./FreeRTOS/soucrce/croutine.o
 .stab          0x00000b70      0x600 ./FreeRTOS/soucrce/list.o
                                0x870 (size before relaxing)
 .stab          0x00001170     0x1ab8 ./FreeRTOS/soucrce/queue.o
                               0x1fbc (size before relaxing)
 .stab          0x00002c28     0x2388 ./FreeRTOS/soucrce/tasks.o
                               0x2850 (size before relaxing)
 .stab          0x00004fb0      0x1a4 ./FreeRTOS/soucrce/timers.o
                                0x6cc (size before relaxing)
 .stab          0x00005154      0x558 ./FreeRTOS/portable/port.o
                                0xa14 (size before relaxing)
 .stab          0x000056ac      0x240 ./FreeRTOS/heap_3.o
                                0x708 (size before relaxing)
 .stab          0x000058ec      0x504 ./DIO_program.o
                                0x510 (size before relaxing)
 .stab          0x00005df0      0x300 ./KPD_program.o
                                0x504 (size before relaxing)
 .stab          0x000060f0      0x6a8 ./LCD_program.o
                                0x8c4 (size before relaxing)
 .stab          0x00006798      0x180 ./Timer_program.o
                                0x204 (size before relaxing)
 .stab          0x00006918       0xd8 ./main_LearnRTOS.o
                                 0xe4 (size before relaxing)
 .stab          0x000069f0      0x9e4 ./main_SnakeGame.o
                                0xf30 (size before relaxing)

.stabstr        0x00000000     0x48b5
 *(.stabstr)
 .stabstr       0x00000000     0x48b5 ./FreeRTOS/soucrce/croutine.o

.stab.excl
 *(.stab.excl)

.stab.exclstr
 *(.stab.exclstr)

.stab.index
 *(.stab.index)

.stab.indexstr
 *(.stab.indexstr)

.comment
 *(.comment)

.debug
 *(.debug)

.line
 *(.line)

.debug_srcinfo
 *(.debug_srcinfo)

.debug_sfnames
 *(.debug_sfnames)

.debug_aranges
 *(.debug_aranges)

.debug_pubnames
 *(.debug_pubnames)

.debug_info
 *(.debug_info)
 *(.gnu.linkonce.wi.*)

.debug_abbrev
 *(.debug_abbrev)

.debug_line
 *(.debug_line)

.debug_frame
 *(.debug_frame)

.debug_str
 *(.debug_str)

.debug_loc
 *(.debug_loc)

.debug_macinfo
 *(.debug_macinfo)
OUTPUT(FREE_RTOS_test_rev.elf elf32-avr)
LOAD linker stubs
